((((((GASV_15:1,AJ239312.1.1355:1)482:1,HM046431.1.1200:1):0,(GASV_18:1,LC198619.1.1220:1)31989:1):0,(((GASV_16:1,KX212247.1.1200:1)286:1,(GASV_1:1,LN611354.1.1200:1)469:1):0,(GASV_11:1,KT873246.1.1201:1)561:1)1236:1)1224:1,((GASV_4:1,FJ503081.1.1238:1)815:1,GQ448970.1.1284:1)171549:1):0,((((GASV_2:1,KF084610.1.1355:1)2049:1,(GASV_17:1,GFIM01005958.9.1236:1)1912216:1)1760:1,AE000513.2467934.2469435:1):0,(((((KR029790.1.1200:1,GASV_3:1)1386:1,(GASV_14:1,KF571471.1.1207:1)1637:1):0,((GASV_20:1,FJ981654.1.1204:1):0,GASV_19:1)1279:1)1385:1,(((GASV_13:1,EU455199.1.1210:1)1578:1,(GASV_10:1,KX792217.1.1200:1)1350:1):0,(((GASV_23:1,CVLP01000086.4757.6053:1):0,KX792215.1.1201:1):0,EU156766.1.1269:1)1301:1)186826:1)91061:1,KX984117.1.1262:1)1239:1)1783272:1);